// 重构日志: 2f1da316
// 重构日志: 52b12924
// 重构日志: 1352b298
// 重构日志: 573ee861
// 重构日志: 345e23cf
// 同步 ID: 626181d8 @ Tue Jul 21 12:38:09 UTC 2026
// 重构日志: bc0f5f6a
// 重构日志: 3a4510f2
// 重构日志: 956908f5
// 重构日志: 95837844
// 同步 ID: a39def04 @ Fri Jul 24 15:28:38 UTC 2026
// 重构日志: 59b8bd33
// 重构日志: 19f543f5
// 重构日志: 66bc171f
// 重构日志: 8610b372
// 重构日志: 9740d842
// 重构日志: 334a654a
// 重构日志: f138b3d4
// 重构日志: b947be90
// 同步 ID: 1a7b6708 @ Wed Jul 29 15:41:37 UTC 2026
// 同步 ID: 02041b85 @ Thu Jul 30 14:26:20 UTC 2026
// 重构日志: b12966ea
// 重构日志: 4138e738
// 重构日志: 8a036804
// 重构日志: a912d018
// 同步 ID: de7dc43d @ Mon Aug  3 18:14:52 UTC 2026
// 重构日志: c0153667
// 重构日志: b9065ef2
// 重构日志: 2ea20cd6
// 同步 ID: e2fdcdbf @ Tue Aug  4 18:21:20 UTC 2026
